Building for debugging...
[2 / 4] PokeTaskBarTests-product
/Users/squeakyvermin/Developer/Github Repositories/PokeTaskBar/experiments/PokeTasks-v2/Tests/PokeTaskBarTests/CredentialSwitchCacheTests.swift:459:69: warning: 'ClaudeUsageURLProtocol' inherits an unavailable 'Sendable' conformance; conforming here risks data races [#UnavailableSendableConformance]
457 | 
458 | /// Intercepts the usage call so the Refresh path can be asserted without a live token.
459 | private final class ClaudeUsageURLProtocol: URLProtocol, @unchecked Sendable {
    |                     |                                               `- warning: 'ClaudeUsageURLProtocol' inherits an unavailable 'Sendable' conformance; conforming here risks data races [#UnavailableSendableConformance]
    |                     `- note: 'ClaudeUsageURLProtocol' inherits unavailable conformance to protocol 'Sendable' from superclass here
460 |     nonisolated(unsafe) static var authorization: String?
461 | 

[#UnavailableSendableConformance]: <https://docs.swift.org/compiler/documentation/diagnostics/unavailable-sendable-conformance>
[4 / 6] PokeTaskBarTests-product
[9 / 10] PokeTaskBarTests-product
Build complete! (2.06 sec.)
Test Suite 'Selected tests' started at 2026-10-02 04:10:27.460.
Test Suite 'PokeTaskBarTests.xctest' started at 2026-10-02 04:10:27.460.
Test Suite 'MainWindowTests' started at 2026-10-02 04:10:27.460.
Test Case '-[PokeTaskBarTests.MainWindowTests testV2NativeFoldAndTimeBlockMoveResizeCancel]' started.
/Users/squeakyvermin/Developer/Github Repositories/PokeTaskBar/experiments/PokeTasks-v2/Tests/PokeTaskBarTests/MainWindowTests.swift:255: error: -[PokeTaskBarTests.MainWindowTests testV2NativeFoldAndTimeBlockMoveResizeCancel] : XCTAssertEqual failed: ("Optional(580)") is not equal to ("Optional(600)") - Native block drag moves by 30 minutes
/Users/squeakyvermin/Developer/Github Repositories/PokeTaskBar/experiments/PokeTasks-v2/Tests/PokeTaskBarTests/MainWindowTests.swift:264: error: -[PokeTaskBarTests.MainWindowTests testV2NativeFoldAndTimeBlockMoveResizeCancel] : XCTAssertEqual failed: ("Optional(50)") is not equal to ("Optional(70)") - Native lower-edge drag resizes by 20 minutes
Test Case '-[PokeTaskBarTests.MainWindowTests testV2NativeFoldAndTimeBlockMoveResizeCancel]' failed (4.853 seconds).
Test Suite 'MainWindowTests' failed at 2026-10-02 04:10:32.313.
	 Executed 1 test, with 2 failures (0 unexpected) in 4.853 (4.853) seconds
Test Suite 'PokeTaskBarTests.xctest' failed at 2026-10-02 04:10:32.313.
	 Executed 1 test, with 2 failures (0 unexpected) in 4.853 (4.853) seconds
Test Suite 'Selected tests' failed at 2026-10-02 04:10:32.313.
	 Executed 1 test, with 2 failures (0 unexpected) in 4.853 (4.854) seconds
Note: Some test targets reported failures:
  - PokeTaskBarTests (XCTest)
