==> swift build -c release
Building for production...
[0/3] Write sources
[1/3] Write swift-version-39B54973F684ADAB.txt
[3/4] Compiling PokeTaskBar AntigravityRateLimitsProvider.swift
/Users/squeakyvermin/Developer/Github Repositories/PokeTaskBar/experiments/PokeTasks-v2/Sources/PokeTaskBar/Core/UsageStore.swift:795:37: warning: 'weak' ownership of capture 'self' differs from implicitly-captured strong reference in outer scope [#ImplicitStrongCapture]
 792 |         timer = nil
 793 |         guard !pollingSuspended, refreshInterval > 0 else { return }
 794 |         let t = Timer(timeInterval: refreshInterval, repeats: true) { _ in
     |                                                                     |- note: 'self' implicitly strongly captured here
     |                                                                     `- note: add 'self' as a capture list item to silence
 795 |             Task { @MainActor [weak self] in await self?.refresh() }
     |                                     |- warning: 'weak' ownership of capture 'self' differs from implicitly-captured strong reference in outer scope [#ImplicitStrongCapture]
     |                                     `- note: explicitly assign the capture list item to silence
 796 |         }
 797 |         t.tolerance = refreshInterval * 0.1

[#ImplicitStrongCapture]: <https://docs.swift.org/compiler/documentation/diagnostics/implicit-strong-capture>
[3/5] Write Objects.LinkFileList
[4/5] Linking PokeTaskBar
Build complete! (44.11s)
warning: '--build-system native' has been deprecated and will be removed in a future release; please report an issue at https://github.com/swiftlang/swift-package-manager/issues if you are unable to adopt the default build system.
==> build/PokeTasks v2.0.app 조립
==> codesign
   ('PokeTaskBar Local' 유효 codesigning identity 없음 → ad-hoc 서명 — 로컬 개발용)
   반복 Keychain 허용 프롬프트를 줄이려면 ./scripts/create-signing-cert.sh 실행 후 다시 빌드하세요.
build/PokeTasks v2.0.app: replacing existing signature
Built: build/PokeTasks v2.0.app
